Starting preview server...
Port 4173 is in use, trying another one...
  [32m➜[39m  [1mLocal[22m:   [36mhttp://127.0.0.1:[1m4174[22m/[39m
Prerendering /...
Saved to C:\Users\Jacky\AccioWork\2026-07-27-10-06-12\clearcup-packaging\dist\index.html
Prerendering /products...
Saved to C:\Users\Jacky\AccioWork\2026-07-27-10-06-12\clearcup-packaging\dist\products\index.html
Prerendering /products/pet-cold-cups...
Saved to C:\Users\Jacky\AccioWork\2026-07-27-10-06-12\clearcup-packaging\dist\products\pet-cold-cups\index.html
Prerendering /products/injection-pp-cups...
Saved to C:\Users\Jacky\AccioWork\2026-07-27-10-06-12\clearcup-packaging\dist\products\injection-pp-cups\index.html
Prerendering /products/lids-sealing-films...
Saved to C:\Users\Jacky\AccioWork\2026-07-27-10-06-12\clearcup-packaging\dist\products\lids-sealing-films\index.html
Prerendering /products/paper-pla-cups...
Saved to C:\Users\Jacky\AccioWork\2026-07-27-10-06-12\clearcup-packaging\dist\products\paper-pla-cups\index.html
Prerendering /blog...
Saved to C:\Users\Jacky\AccioWork\2026-07-27-10-06-12\clearcup-packaging\dist\blog\index.html
Prerendering /blog/pet-vs-pp-cups...
Saved to C:\Users\Jacky\AccioWork\2026-07-27-10-06-12\clearcup-packaging\dist\blog\pet-vs-pp-cups\index.html
Prerendering /blog/cup-lid-compatibility-guide...
Saved to C:\Users\Jacky\AccioWork\2026-07-27-10-06-12\clearcup-packaging\dist\blog\cup-lid-compatibility-guide\index.html
Prerendering /blog/bubble-tea-cup-sizes-guide...
Saved to C:\Users\Jacky\AccioWork\2026-07-27-10-06-12\clearcup-packaging\dist\blog\bubble-tea-cup-sizes-guide\index.html
Prerendering /blog/how-to-import-plastic-cups-from-china...
Saved to C:\Users\Jacky\AccioWork\2026-07-27-10-06-12\clearcup-packaging\dist\blog\how-to-import-plastic-cups-from-china\index.html
Prerendering /blog/pet-cup-weight-cost-guide...
Saved to C:\Users\Jacky\AccioWork\2026-07-27-10-06-12\clearcup-packaging\dist\blog\pet-cup-weight-cost-guide\index.html
Prerendering /blog/cup-sealing-film-machine-guide...
Saved to C:\Users\Jacky\AccioWork\2026-07-27-10-06-12\clearcup-packaging\dist\blog\cup-sealing-film-machine-guide\index.html
Prerendering /blog/paper-vs-pla-cups-guide...
Saved to C:\Users\Jacky\AccioWork\2026-07-27-10-06-12\clearcup-packaging\dist\blog\paper-vs-pla-cups-guide\index.html
Prerendering /blog/cup-caliber-standardization-guide...
Saved to C:\Users\Jacky\AccioWork\2026-07-27-10-06-12\clearcup-packaging\dist\blog\cup-caliber-standardization-guide\index.html
Prerendering /blog/square-injection-pp-cups-branding...
Saved to C:\Users\Jacky\AccioWork\2026-07-27-10-06-12\clearcup-packaging\dist\blog\square-injection-pp-cups-branding\index.html
Prerendering /blog/pet-cup-capacity-carton-planning-guide...
Saved to C:\Users\Jacky\AccioWork\2026-07-27-10-06-12\clearcup-packaging\dist\blog\pet-cup-capacity-carton-planning-guide\index.html
Prerendering /blog/injection-pp-cup-model-weight-guide...
Saved to C:\Users\Jacky\AccioWork\2026-07-27-10-06-12\clearcup-packaging\dist\blog\injection-pp-cup-model-weight-guide\index.html
Prerendering /blog/cup-lid-weight-caliber-guide...
Saved to C:\Users\Jacky\AccioWork\2026-07-27-10-06-12\clearcup-packaging\dist\blog\cup-lid-weight-caliber-guide\index.html
Prerendering /blog/paper-cup-wall-types-guide...
Saved to C:\Users\Jacky\AccioWork\2026-07-27-10-06-12\clearcup-packaging\dist\blog\paper-cup-wall-types-guide\index.html
Prerendering /blog/u-shape-fat-cup-guide...
Saved to C:\Users\Jacky\AccioWork\2026-07-27-10-06-12\clearcup-packaging\dist\blog\u-shape-fat-cup-guide\index.html
Prerendering /blog/strawless-sipper-lids-guide...
Saved to C:\Users\Jacky\AccioWork\2026-07-27-10-06-12\clearcup-packaging\dist\blog\strawless-sipper-lids-guide\index.html
Prerendering /blog/injection-vs-thermoformed-cups...
Saved to C:\Users\Jacky\AccioWork\2026-07-27-10-06-12\clearcup-packaging\dist\blog\injection-vs-thermoformed-cups\index.html
Prerendering /blog/large-format-30-32oz-cups-guide...
Saved to C:\Users\Jacky\AccioWork\2026-07-27-10-06-12\clearcup-packaging\dist\blog\large-format-30-32oz-cups-guide\index.html
Prerendering /blog/leak-proof-takeaway-cups-and-carriers...
Saved to C:\Users\Jacky\AccioWork\2026-07-27-10-06-12\clearcup-packaging\dist\blog\leak-proof-takeaway-cups-and-carriers\index.html
Prerendering /blog/us-standard-98mm-pet-cups-guide...
Saved to C:\Users\Jacky\AccioWork\2026-07-27-10-06-12\clearcup-packaging\dist\blog\us-standard-98mm-pet-cups-guide\index.html
Prerendering /blog/pet-cups-cold-chain-performance...
Saved to C:\Users\Jacky\AccioWork\2026-07-27-10-06-12\clearcup-packaging\dist\blog\pet-cups-cold-chain-performance\index.html
Prerendering /blog/hot-drink-cup-selection-guide...
Saved to C:\Users\Jacky\AccioWork\2026-07-27-10-06-12\clearcup-packaging\dist\blog\hot-drink-cup-selection-guide\index.html
Prerendering /about...
Saved to C:\Users\Jacky\AccioWork\2026-07-27-10-06-12\clearcup-packaging\dist\about\index.html
Prerendering /contact...
Saved to C:\Users\Jacky\AccioWork\2026-07-27-10-06-12\clearcup-packaging\dist\contact\index.html
Stopping preview server...
